Microchip MPLAB XC8 Compiler V2.40

Linker command line:

-W-3 \
  --edf=C:\Program Files\Microchip\xc8\v2.40\pic\dat\20220703182018_en.msgs \
  -cn -h+dist/default/debug\CounterPrototype.X.debug.sym \
  --cmf=dist/default/debug\CounterPrototype.X.debug.cmf -z -Q16LF1509 \
  -oC:\Users\bloug\AppData\Local\Temp\xcAspc4.4 --defsym=__MPLAB_BUILD=1 \
  --fixupoverflow=error -Mdist/default/debug/CounterPrototype.X.debug.map \
  --md=C:\Users\bloug\AppData\Local\Temp\xcAspc4.dat -E1 -ver=XC8 Compiler \
  --acfsm=1493 -ACODE=00h-07FFhx4 -ASTRCODE=00h-01FFFh -ASTRING=00h-0FFhx32 \
  -ACONST=00h-0FFhx32 -AENTRY=00h-0FFhx32 -ACOMMON=070h-07Fh \
  -ABANK0=020h-06Fh -ABANK1=0A0h-0EFh -ABANK2=0120h-016Fh \
  -ABANK3=01A0h-01EFh -ABANK4=0220h-026Fh -ABANK5=02A0h-02EFh \
  -ABIGRAM=02000h-021DFh \
  -ARAM=020h-06Fh,0A0h-0EFh,0120h-016Fh,01A0h-01EFh,0220h-026Fh,02A0h-02EFh \
  -AABS1=020h-07Fh,0A0h-0EFh,0120h-016Fh,01A0h-01EFh,0220h-026Fh,02A0h-02EFh,0320h-032Fh \
  -ASFR0=00h-01Fh -ASFR1=080h-09Fh -ASFR2=0100h-011Fh -ASFR3=0180h-019Fh \
  -ASFR4=0200h-021Fh -ASFR5=0280h-029Fh -ASFR6=0300h-036Fh \
  -ASFR7=0380h-03EFh -ASFR8=0400h-046Fh -ASFR9=0480h-04EFh \
  -ASFR10=0500h-056Fh -ASFR11=0580h-05EFh -ASFR12=0600h-066Fh \
  -ASFR13=0680h-06EFh -ASFR14=0700h-076Fh -ASFR15=0780h-07EFh \
  -ASFR16=0800h-086Fh -ASFR17=0880h-08EFh -ASFR18=0900h-096Fh \
  -ASFR19=0980h-09EFh -ASFR20=0A00h-0A6Fh -ASFR21=0A80h-0AEFh \
  -ASFR22=0B00h-0B6Fh -ASFR23=0B80h-0BEFh -ASFR24=0C00h-0C6Fh \
  -ASFR25=0C80h-0CEFh -ASFR26=0D00h-0D6Fh -ASFR27=0D80h-0DEFh \
  -ASFR28=0E00h-0E6Fh -ASFR29=0E80h-0EEFh -ASFR30=0F00h-0F6Fh \
  -ASFR31=0F80h-0FEFh -ACONFIG=08007h-08008h -DCONFIG=2 \
  -AIDLOC=08000h-08003h -DIDLOC=2 -DCODE=2 -DSTRCODE=2 -DSTRING=2 -DCONST=2 \
  -DENTRY=2 -preset_vec=00h,intentry=04h,init,end_init -ppowerup=CODE \
  -pcinit=CODE -pfunctab=ENTRY -k \
  C:\Users\bloug\AppData\Local\Temp\xcAspc4.o \
  dist/default/debug\CounterPrototype.X.debug.o 

Object code version is 3.11

Machine type is 16LF1509



                Name                               Link     Load   Length Selector   Space Scale
C:\Users\bloug\AppData\Local\Temp\xcAspc4.o
                end_init                             19       19        2        8       0
                reset_vec                             0        0        3        0       0
                config                             8007     8007        2        0       4
                idloc                              8000     8000        4        0       5
dist/default/debug\CounterPrototype.X.debug.o
                cinit                                1B       1B        D        8       0
                intentry                              4        4       15        8       0
                config                             8007     8007        2        0       4
                idloc                              8000     8000        4        0       5
                text17                              438      438       11        8       0
                text16                              1D5      1D5       98        8       0
                text15                              485      485        1      8C4       0
                text14                              422      422       16        8       0
                text12                              3C9      3C9       23        8       0
                text11                               28       28      1AD        8       0
                text10                              26D      26D       5F        8       0
                text9                               32A      32A       54        8       0
                text8                               2CC      2CC       5E        8       0
                text7                               47F      47F        6      8C4       0
                text6                               479      479        6      8C4       0
                text5                               462      462        B      8C4       0
                text4                               3EC      3EC       1D        8       0
                text3                               473      473        6      8C4       0
                text2                               409      409       19        8       0
                text1                               449      449        D        8       0
                maintext                            37E      37E       4B        8       0
                cstackBANK0                          37       37       16       20       1
                cstackCOMMON                         70       70        B       70       1
                clrtext                             46D      46D        6      8C4       0
                bssBANK0                             20       20       17       20       1
                bssCOMMON                            7B       7B        1       70       1
                nvBANK0                              4D       4D        6       20       1
                stringtext1                         456      456        C      8AC       0

TOTAL           Name                               Link     Load   Length     Space
        CLASS   CODE           
                end_init                             19       19        2         0
                cinit                                1B       1B        D         0
                intentry                              4        4       15         0
                reset_vec                             0        0        3         0
                text17                              438      438       11         0
                text16                              1D5      1D5       98         0
                text15                              485      485        1         0
                text14                              422      422       16         0
                text12                              3C9      3C9       23         0
                text11                               28       28      1AD         0
                text10                              26D      26D       5F         0
                text9                               32A      32A       54         0
                text8                               2CC      2CC       5E         0
                text7                               47F      47F        6         0
                text6                               479      479        6         0
                text5                               462      462        B         0
                text4                               3EC      3EC       1D         0
                text3                               473      473        6         0
                text2                               409      409       19         0
                text1                               449      449        D         0
                maintext                            37E      37E       4B         0
                clrtext                             46D      46D        6         0

        CLASS   STRCODE        
                stringtext1                         456      456        C         0

        CLASS   STRING         

        CLASS   CONST          

        CLASS   ENTRY          

        CLASS   COMMON         
                cstackCOMMON                         70       70        B         1
                bssCOMMON                            7B       7B        1         1

        CLASS   BANK0          
                cstackBANK0                          37       37       16         1
                bssBANK0                             20       20       17         1
                nvBANK0                              4D       4D        6         1

        CLASS   BANK1          

        CLASS   BANK2          

        CLASS   BANK3          

        CLASS   BANK4          

        CLASS   BANK5          

        CLASS   BIGRAM         

        CLASS   RAM            

        CLASS   ABS1           
                abs_s1                               7E       7E        2         1

        CLASS   SFR0           

        CLASS   SFR1           

        CLASS   SFR2           

        CLASS   SFR3           

        CLASS   SFR4           

        CLASS   SFR5           

        CLASS   SFR6           

        CLASS   SFR7           

        CLASS   SFR8           

        CLASS   SFR9           

        CLASS   SFR10          

        CLASS   SFR11          

        CLASS   SFR12          

        CLASS   SFR13          

        CLASS   SFR14          

        CLASS   SFR15          

        CLASS   SFR16          

        CLASS   SFR17          

        CLASS   SFR18          

        CLASS   SFR19          

        CLASS   SFR20          

        CLASS   SFR21          

        CLASS   SFR22          

        CLASS   SFR23          

        CLASS   SFR24          

        CLASS   SFR25          

        CLASS   SFR26          

        CLASS   SFR27          

        CLASS   SFR28          

        CLASS   SFR29          

        CLASS   SFR30          

        CLASS   SFR31          

        CLASS   CONFIG         
                config                             8007     8007        2         4

        CLASS   IDLOC          
                idloc                              8000     8000        4         5

        CLASS   BANK31         

        CLASS   BANK30         

        CLASS   BANK29         

        CLASS   BANK28         

        CLASS   BANK27         

        CLASS   BANK26         

        CLASS   BANK25         

        CLASS   BANK24         

        CLASS   BANK23         

        CLASS   BANK22         

        CLASS   BANK21         

        CLASS   BANK20         

        CLASS   BANK19         

        CLASS   BANK18         

        CLASS   BANK17         

        CLASS   BANK16         

        CLASS   BANK15         

        CLASS   BANK14         

        CLASS   BANK13         

        CLASS   BANK12         

        CLASS   BANK11         

        CLASS   BANK10         

        CLASS   BANK9          

        CLASS   BANK8          

        CLASS   BANK7          

        CLASS   BANK6          

        CLASS   HEAP           

        CLASS   STACK          

        CLASS   EEDATA         



SEGMENTS        Name                           Load    Length   Top    Selector   Space  Class     Delta

                reset_vec                      000000  000003  000003         0       0  CODE        2
                intentry                       000004  000452  000456         8       0  CODE        2
                bssBANK0                       000020  000033  000053        20       1  BANK0       1
                cstackCOMMON                   000070  00000C  00007C        70       1  COMMON      1
                stringtext1                    000456  00000C  000462       8AC       0  STRCODE     2
                text5                          000462  000024  000486       8C4       0  CODE        2


UNUSED ADDRESS RANGES

        Name                Unused          Largest block    Delta
        BANK0            00053-0006F              1D           1
        BANK1            000A0-000EF              50           1
        BANK2            00120-0016F              50           1
        BANK3            001A0-001EF              50           1
        BANK4            00220-0026F              50           1
        BANK5            002A0-002EF              50           1
        BIGRAM           02000-021DF             1E0           1
        CODE             00003-00003               1           2
                         00486-01FFF             800
        COMMON           0007C-0007D               2           1
        CONST            00003-00003               1           2
                         00486-01FFF             100
        ENTRY            00003-00003               1           2
                         00486-01FFF             100
        RAM              00053-0006F              1D           1
                         000A0-000EF              50
                         00120-0016F              50
                         001A0-001EF              50
                         00220-0026F              50
                         002A0-002EF              50
        SFR0             00000-0001F              20           1
        SFR1             00080-0009F              20           1
        SFR10            00500-0056F              70           1
        SFR11            00580-005EF              70           1
        SFR12            00600-0066F              70           1
        SFR13            00680-006EF              70           1
        SFR14            00700-0076F              70           1
        SFR15            00780-007EF              70           1
        SFR16            00800-0086F              70           1
        SFR17            00880-008EF              70           1
        SFR18            00900-0096F              70           1
        SFR19            00980-009EF              70           1
        SFR2             00100-0011F              20           1
        SFR20            00A00-00A6F              70           1
        SFR21            00A80-00AEF              70           1
        SFR22            00B00-00B6F              70           1
        SFR23            00B80-00BEF              70           1
        SFR24            00C00-00C6F              70           1
        SFR25            00C80-00CEF              70           1
        SFR26            00D00-00D6F              70           1
        SFR27            00D80-00DEF              70           1
        SFR28            00E00-00E6F              70           1
        SFR29            00E80-00EEF              70           1
        SFR3             00180-0019F              20           1
        SFR30            00F00-00F6F              70           1
        SFR31            00F80-00FEF              70           1
        SFR4             00200-0021F              20           1
        SFR5             00280-0029F              20           1
        SFR6             00300-0036F              70           1
        SFR7             00380-003EF              70           1
        SFR8             00400-0046F              70           1
        SFR9             00480-004EF              70           1
        STRCODE          00003-00003               1           2
                         00486-01FFF            1B7A
        STRING           00003-00003               1           2
                         00486-01FFF             100

                                  Symbol Table

?___awdiv                                     cstackCOMMON 00072
?___awmod                                     cstackBANK0  00037
ClearDigit@digit                              cstackCOMMON 00072
Display@a                                     cstackBANK0  0003E
Display@hundreds                              cstackBANK0  00047
Display@ones                                  cstackBANK0  00043
Display@tens                                  cstackBANK0  00045
INT_SetInterruptHandler@InterruptHandler      cstackCOMMON 00072
SetSegments@a                                 cstackCOMMON 00072
SetSegments@digit                             cstackCOMMON 00074
TMR1_OverflowCallbackRegister@CallbackHandler cstackCOMMON 00072
TMR1_Write@timerVal                           cstackCOMMON 00070
_ANSELA                                       (abs)        0018C
_ANSELB                                       (abs)        0018D
_ANSELC                                       (abs)        0018E
_BORCON                                       (abs)        00116
_CLOCK_Initialize                             text7        0047F
_ClearDigit                                   text12       003C9
_Display                                      text8        002CC
_INTCONbits                                   (abs)        0000B
_INTERRUPT_Initialize                         text5        00462
_INTERRUPT_InterruptManager                   intentry     00004
_INT_DefaultInterruptHandler                  (abs)        00000
_INT_InterruptHandler                         nvBANK0      00051
_INT_SetInterruptHandler                      text6        00479
_IOCAF                                        (abs)        00393
_IOCAN                                        (abs)        00392
_IOCAP                                        (abs)        00391
_IOCBF                                        (abs)        00396
_IOCBN                                        (abs)        00395
_IOCBP                                        (abs)        00394
_LATA                                         (abs)        0010C
_LATB                                         (abs)        0010D
_LATC                                         (abs)        0010E
_OPTION_REGbits                               (abs)        00095
_OSCCON                                       (abs)        00099
_PIE1bits                                     (abs)        00091
_PIN_MANAGER_Initialize                       text4        003EC
_PIR1bits                                     (abs)        00011
_PORTAbits                                    (abs)        0000C
_PORTBbits                                    (abs)        0000D
_PORTCbits                                    (abs)        0000E
_SYSTEM_Initialize                            text1        00449
_SetSegments                                  text11       00028
_T1CON                                        (abs)        00018
_T1CONbits                                    (abs)        00018
_T1GCON                                       (abs)        00019
_T1GCONbits                                   (abs)        00019
_TMR1H                                        (abs)        00017
_TMR1L                                        (abs)        00016
_TMR1_DefaultOverflowCallback                 text15       00485
_TMR1_Initialize                              text2        00409
_TMR1_OverflowCallback                        nvBANK0      0004D
_TMR1_OverflowCallbackRegister                text3        00473
_TMR1_OverflowISR                             text14       00422
_TMR1_PeriodCountSet                          (abs)        00000
_TMR1_Start                                   (abs)        00000
_TMR1_Stop                                    (abs)        00000
_TMR1_Write                                   text17       00438
_TRISA                                        (abs)        0008C
_TRISB                                        (abs)        0008D
_TRISC                                        (abs)        0008E
_Tmr1CallBack                                 text16       001D5
_WPUA                                         (abs)        0020C
_WPUB                                         (abs)        0020D
__Habs1                                       abs1         00000
__Hbank0                                      bank0        00000
__Hbank1                                      bank1        00000
__Hbank10                                     bank10       00000
__Hbank11                                     bank11       00000
__Hbank12                                     bank12       00000
__Hbank13                                     bank13       00000
__Hbank14                                     bank14       00000
__Hbank15                                     bank15       00000
__Hbank16                                     bank16       00000
__Hbank17                                     bank17       00000
__Hbank18                                     bank18       00000
__Hbank19                                     bank19       00000
__Hbank2                                      bank2        00000
__Hbank20                                     bank20       00000
__Hbank21                                     bank21       00000
__Hbank22                                     bank22       00000
__Hbank23                                     bank23       00000
__Hbank24                                     bank24       00000
__Hbank25                                     bank25       00000
__Hbank26                                     bank26       00000
__Hbank27                                     bank27       00000
__Hbank28                                     bank28       00000
__Hbank29                                     bank29       00000
__Hbank3                                      bank3        00000
__Hbank30                                     bank30       00000
__Hbank31                                     bank31       00000
__Hbank4                                      bank4        00000
__Hbank5                                      bank5        00000
__Hbank6                                      bank6        00000
__Hbank7                                      bank7        00000
__Hbank8                                      bank8        00000
__Hbank9                                      bank9        00000
__Hbigram                                     bigram       00000
__HbssBANK0                                   bssBANK0     00000
__HbssCOMMON                                  bssCOMMON    00000
__Hcinit                                      cinit        00028
__Hclrtext                                    clrtext      00000
__Hcode                                       code         00000
__Hcommon                                     common       00000
__Hconfig                                     config       08009
__HcstackBANK0                                cstackBANK0  00000
__HcstackCOMMON                               cstackCOMMON 00000
__Heeprom_data                                eeprom_data  00000
__Hend_init                                   end_init     0001B
__Hfunctab                                    functab      00000
__Hheap                                       heap         00000
__Hidloc                                      idloc        08004
__Hinit                                       init         00019
__Hintentry                                   intentry     00019
__Hmaintext                                   maintext     00000
__HnvBANK0                                    nvBANK0      00000
__Hpowerup                                    powerup      00000
__Hram                                        ram          00000
__Hreset_vec                                  reset_vec    00003
__Hsfr0                                       sfr0         00000
__Hsfr1                                       sfr1         00000
__Hsfr10                                      sfr10        00000
__Hsfr11                                      sfr11        00000
__Hsfr12                                      sfr12        00000
__Hsfr13                                      sfr13        00000
__Hsfr14                                      sfr14        00000
__Hsfr15                                      sfr15        00000
__Hsfr16                                      sfr16        00000
__Hsfr17                                      sfr17        00000
__Hsfr18                                      sfr18        00000
__Hsfr19                                      sfr19        00000
__Hsfr2                                       sfr2         00000
__Hsfr20                                      sfr20        00000
__Hsfr21                                      sfr21        00000
__Hsfr22                                      sfr22        00000
__Hsfr23                                      sfr23        00000
__Hsfr24                                      sfr24        00000
__Hsfr25                                      sfr25        00000
__Hsfr26                                      sfr26        00000
__Hsfr27                                      sfr27        00000
__Hsfr28                                      sfr28        00000
__Hsfr29                                      sfr29        00000
__Hsfr3                                       sfr3         00000
__Hsfr30                                      sfr30        00000
__Hsfr31                                      sfr31        00000
__Hsfr4                                       sfr4         00000
__Hsfr5                                       sfr5         00000
__Hsfr6                                       sfr6         00000
__Hsfr7                                       sfr7         00000
__Hsfr8                                       sfr8         00000
__Hsfr9                                       sfr9         00000
__Hspace_0                                    (abs)        00486
__Hspace_1                                    (abs)        0007C
__Hspace_2                                    (abs)        00000
__Hspace_3                                    (abs)        00000
__Hspace_4                                    (abs)        10010
__Hstack                                      stack        00000
__Hstrings                                    strings      00000
__Hstringtext1                                stringtext1  00000
__Htext                                       text         00000
__Labs1                                       abs1         00000
__Lbank0                                      bank0        00000
__Lbank1                                      bank1        00000
__Lbank10                                     bank10       00000
__Lbank11                                     bank11       00000
__Lbank12                                     bank12       00000
__Lbank13                                     bank13       00000
__Lbank14                                     bank14       00000
__Lbank15                                     bank15       00000
__Lbank16                                     bank16       00000
__Lbank17                                     bank17       00000
__Lbank18                                     bank18       00000
__Lbank19                                     bank19       00000
__Lbank2                                      bank2        00000
__Lbank20                                     bank20       00000
__Lbank21                                     bank21       00000
__Lbank22                                     bank22       00000
__Lbank23                                     bank23       00000
__Lbank24                                     bank24       00000
__Lbank25                                     bank25       00000
__Lbank26                                     bank26       00000
__Lbank27                                     bank27       00000
__Lbank28                                     bank28       00000
__Lbank29                                     bank29       00000
__Lbank3                                      bank3        00000
__Lbank30                                     bank30       00000
__Lbank31                                     bank31       00000
__Lbank4                                      bank4        00000
__Lbank5                                      bank5        00000
__Lbank6                                      bank6        00000
__Lbank7                                      bank7        00000
__Lbank8                                      bank8        00000
__Lbank9                                      bank9        00000
__Lbigram                                     bigram       00000
__LbssBANK0                                   bssBANK0     00000
__LbssCOMMON                                  bssCOMMON    00000
__Lcinit                                      cinit        0001B
__Lclrtext                                    clrtext      00000
__Lcode                                       code         00000
__Lcommon                                     common       00000
__Lconfig                                     config       00000
__LcstackBANK0                                cstackBANK0  00000
__LcstackCOMMON                               cstackCOMMON 00000
__Leeprom_data                                eeprom_data  00000
__Lend_init                                   end_init     00019
__Lfunctab                                    functab      00000
__Lheap                                       heap         00000
__Lidloc                                      idloc        00000
__Linit                                       init         00019
__Lintentry                                   intentry     00004
__Lmaintext                                   maintext     00000
__LnvBANK0                                    nvBANK0      00000
__Lpowerup                                    powerup      00000
__Lram                                        ram          00000
__Lreset_vec                                  reset_vec    00000
__Lsfr0                                       sfr0         00000
__Lsfr1                                       sfr1         00000
__Lsfr10                                      sfr10        00000
__Lsfr11                                      sfr11        00000
__Lsfr12                                      sfr12        00000
__Lsfr13                                      sfr13        00000
__Lsfr14                                      sfr14        00000
__Lsfr15                                      sfr15        00000
__Lsfr16                                      sfr16        00000
__Lsfr17                                      sfr17        00000
__Lsfr18                                      sfr18        00000
__Lsfr19                                      sfr19        00000
__Lsfr2                                       sfr2         00000
__Lsfr20                                      sfr20        00000
__Lsfr21                                      sfr21        00000
__Lsfr22                                      sfr22        00000
__Lsfr23                                      sfr23        00000
__Lsfr24                                      sfr24        00000
__Lsfr25                                      sfr25        00000
__Lsfr26                                      sfr26        00000
__Lsfr27                                      sfr27        00000
__Lsfr28                                      sfr28        00000
__Lsfr29                                      sfr29        00000
__Lsfr3                                       sfr3         00000
__Lsfr30                                      sfr30        00000
__Lsfr31                                      sfr31        00000
__Lsfr4                                       sfr4         00000
__Lsfr5                                       sfr5         00000
__Lsfr6                                       sfr6         00000
__Lsfr7                                       sfr7         00000
__Lsfr8                                       sfr8         00000
__Lsfr9                                       sfr9         00000
__Lspace_0                                    (abs)        00000
__Lspace_1                                    (abs)        00000
__Lspace_2                                    (abs)        00000
__Lspace_3                                    (abs)        00000
__Lspace_4                                    (abs)        00000
__Lstack                                      stack        00000
__Lstrings                                    strings      00000
__Lstringtext1                                stringtext1  00000
__Ltext                                       text         00000
__S0                                          (abs)        00486
__S1                                          (abs)        0007C
___awdiv                                      text10       0026D
___awdiv@counter                              cstackCOMMON 00077
___awdiv@dividend                             cstackCOMMON 00074
___awdiv@divisor                              cstackCOMMON 00072
___awdiv@quotient                             cstackCOMMON 00079
___awdiv@sign                                 cstackCOMMON 00078
___awmod                                      text9        0032A
___awmod@counter                              cstackBANK0  0003C
___awmod@dividend                             cstackBANK0  00039
___awmod@divisor                              cstackBANK0  00037
___awmod@sign                                 cstackBANK0  0003D
___heap_hi                                    (abs)        00000
___heap_lo                                    (abs)        00000
___int_sp                                     stack        00000
___latbits                                    (abs)        00002
___sp                                         stack        00000
___stackhi                                    (abs)        00000
___stacklo                                    (abs)        00000
__end_of_CLOCK_Initialize                     text7        00485
__end_of_ClearDigit                           text12       003EC
__end_of_Display                              text8        0032A
__end_of_INTERRUPT_Initialize                 text5        0046D
__end_of_INTERRUPT_InterruptManager           intentry     00019
__end_of_INT_SetInterruptHandler              text6        0047F
__end_of_PIN_MANAGER_Initialize               text4        00409
__end_of_SYSTEM_Initialize                    text1        00456
__end_of_SetSegments                          text11       001D5
__end_of_TMR1_DefaultOverflowCallback         text15       00486
__end_of_TMR1_Initialize                      text2        00422
__end_of_TMR1_OverflowCallbackRegister        text3        00479
__end_of_TMR1_OverflowISR                     text14       00438
__end_of_TMR1_Write                           text17       00449
__end_of_Tmr1CallBack                         text16       0026D
__end_of___awdiv                              text10       002CC
__end_of___awmod                              text9        0037E
__end_of__initialization                      cinit        00024
__end_of_main                                 maintext     003C9
__end_of_tmr1                                 stringtext1  00462
__initialization                              cinit        0001B
__pbssBANK0                                   bssBANK0     00020
__pbssCOMMON                                  bssCOMMON    0007B
__pcstackBANK0                                cstackBANK0  00037
__pcstackCOMMON                               cstackCOMMON 00070
__pintentry                                   intentry     00004
__pmaintext                                   maintext     0037E
__pnvBANK0                                    nvBANK0      0004D
__pstringtext1                                stringtext1  00456
__ptext1                                      text1        00449
__ptext10                                     text10       0026D
__ptext11                                     text11       00028
__ptext12                                     text12       003C9
__ptext14                                     text14       00422
__ptext15                                     text15       00485
__ptext16                                     text16       001D5
__ptext17                                     text17       00438
__ptext2                                      text2        00409
__ptext3                                      text3        00473
__ptext4                                      text4        003EC
__ptext5                                      text5        00462
__ptext6                                      text6        00479
__ptext7                                      text7        0047F
__ptext8                                      text8        002CC
__ptext9                                      text9        0032A
_hundred                                      bssBANK0     00022
_main                                         maintext     0037E
_one                                          bssBANK0     00030
_ten                                          bssBANK0     00029
_timer1ReloadVal                              nvBANK0      0004F
_toggle                                       bssCOMMON    0007B
btemp                                         (abs)        0007E
clear_ram0                                    clrtext      0046D
end_of_initialization                         cinit        00024
int$flags                                     (abs)        0007E
intlevel0                                     functab      00000
intlevel1                                     functab      00000
intlevel2                                     functab      00000
intlevel3                                     functab      00000
intlevel4                                     functab      00000
intlevel5                                     functab      00000
main@i                                        cstackBANK0  0004B
reset_vec                                     reset_vec    00000
start                                         init         00019
start_initialization                          cinit        0001B
wtemp0                                        (abs)        0007E


MODULE INFORMATION

Module		Function		Class		Link	Load	Size
C:\Program Files\Microchip\xc8\v2.40\pic\sources\c99\common\awdiv.c
		___awdiv       		CODE           	026D	0000	95

C:\Program Files\Microchip\xc8\v2.40\pic\sources\c99\common\awdiv.c estimated size: 95

mcc_generated_files/timer/src/tmr1.c
		_TMR1_Initialize		CODE           	0409	0000	25
		_TMR1_Write    		CODE           	0438	0000	17
		_TMR1_OverflowCallbackRegister		CODE           	0473	0000	6
		_TMR1_DefaultOverflowCallback		CODE           	0485	0000	1
		_TMR1_OverflowISR		CODE           	0422	0000	22

mcc_generated_files/timer/src/tmr1.c estimated size: 71

mcc_generated_files/system/src/interrupt.c
		_INT_SetInterruptHandler		CODE           	0479	0000	6
		_INTERRUPT_Initialize		CODE           	0462	0000	11
		_INTERRUPT_InterruptManager		CODE           	0004	0000	21

mcc_generated_files/system/src/interrupt.c estimated size: 38

mcc_generated_files/system/src/pins.c
		_PIN_MANAGER_Initialize		CODE           	03EC	0000	29

mcc_generated_files/system/src/pins.c estimated size: 29

shared
		__initialization		CODE           	001B	0000	9
		_tmr1          		STRCODE        	0000	0000	0

shared estimated size: 9

C:\Program Files\Microchip\xc8\v2.40\pic\sources\c99\common\awmod.c
		___awmod       		CODE           	032A	0000	84

C:\Program Files\Microchip\xc8\v2.40\pic\sources\c99\common\awmod.c estimated size: 84

mcc_generated_files/system/src/clock.c
		_CLOCK_Initialize		CODE           	047F	0000	6

mcc_generated_files/system/src/clock.c estimated size: 6

main.c
		_ClearDigit    		CODE           	03C9	0000	35
		_SetSegments   		CODE           	0028	0000	429
		_main          		CODE           	037E	0000	75
		_Tmr1CallBack  		CODE           	01D5	0000	152
		_Display       		CODE           	02CC	0000	94

main.c estimated size: 785

mcc_generated_files/system/src/system.c
		_SYSTEM_Initialize		CODE           	0449	0000	13

mcc_generated_files/system/src/system.c estimated size: 13

