Microchip MPLAB XC8 Compiler V2.40

Linker command line:

-W-3 \
  --edf=C:\Program Files\Microchip\xc8\v2.40\pic\dat\20220703182018_en.msgs \
  -cn -h+dist/default/production\CounterPrototype.X.production.sym \
  --cmf=dist/default/production\CounterPrototype.X.production.cmf -z \
  -Q16LF1509 -oC:\Users\bloug\AppData\Local\Temp\xcAspi0.4 \
  --defsym=__MPLAB_BUILD=1 --fixupoverflow=error \
  -Mdist/default/production/CounterPrototype.X.production.map \
  --md=C:\Users\bloug\AppData\Local\Temp\xcAspi0.dat -E1 -ver=XC8 Compiler \
  --acfsm=1493 -ACODE=00h-07FFhx4 -ASTRCODE=00h-01FFFh -ASTRING=00h-0FFhx32 \
  -ACONST=00h-0FFhx32 -AENTRY=00h-0FFhx32 -ACOMMON=070h-07Fh \
  -ABANK0=020h-06Fh -ABANK1=0A0h-0EFh -ABANK2=0120h-016Fh \
  -ABANK3=01A0h-01EFh -ABANK4=0220h-026Fh -ABANK5=02A0h-02EFh \
  -ABANK6=0320h-032Fh -ABIGRAM=02000h-021EFh \
  -ARAM=020h-06Fh,0A0h-0EFh,0120h-016Fh,01A0h-01EFh,0220h-026Fh,02A0h-02EFh,0320h-032Fh \
  -AABS1=020h-07Fh,0A0h-0EFh,0120h-016Fh,01A0h-01EFh,0220h-026Fh,02A0h-02EFh,0320h-032Fh \
  -ASFR0=00h-01Fh -ASFR1=080h-09Fh -ASFR2=0100h-011Fh -ASFR3=0180h-019Fh \
  -ASFR4=0200h-021Fh -ASFR5=0280h-029Fh -ASFR6=0300h-031Fh \
  -ASFR7=0380h-03EFh -ASFR8=0400h-046Fh -ASFR9=0480h-04EFh \
  -ASFR10=0500h-056Fh -ASFR11=0580h-05EFh -ASFR12=0600h-066Fh \
  -ASFR13=0680h-06EFh -ASFR14=0700h-076Fh -ASFR15=0780h-07EFh \
  -ASFR16=0800h-086Fh -ASFR17=0880h-08EFh -ASFR18=0900h-096Fh \
  -ASFR19=0980h-09EFh -ASFR20=0A00h-0A6Fh -ASFR21=0A80h-0AEFh \
  -ASFR22=0B00h-0B6Fh -ASFR23=0B80h-0BEFh -ASFR24=0C00h-0C6Fh \
  -ASFR25=0C80h-0CEFh -ASFR26=0D00h-0D6Fh -ASFR27=0D80h-0DEFh \
  -ASFR28=0E00h-0E6Fh -ASFR29=0E80h-0EEFh -ASFR30=0F00h-0F6Fh \
  -ASFR31=0F80h-0FEFh -ACONFIG=08007h-08008h -DCONFIG=2 \
  -AIDLOC=08000h-08003h -DIDLOC=2 -DCODE=2 -DSTRCODE=2 -DSTRING=2 -DCONST=2 \
  -DENTRY=2 -preset_vec=00h,intentry=04h,init,end_init -ppowerup=CODE \
  -pcinit=CODE -pfunctab=ENTRY -k \
  C:\Users\bloug\AppData\Local\Temp\xcAspi0.o \
  dist/default/production\CounterPrototype.X.production.o 

Object code version is 3.11

Machine type is 16LF1509



                Name                               Link     Load   Length Selector   Space Scale
C:\Users\bloug\AppData\Local\Temp\xcAspi0.o
                end_init                             19       19        2        8       0
                reset_vec                             0        0        2        0       0
                config                             8007     8007        2        0       4
                idloc                              8000     8000        4        0       5
dist/default/production\CounterPrototype.X.production.o
                cinit                                1B       1B       10        8       0
                intentry                              4        4       15        8       0
                config                             8007     8007        2        0       4
                idloc                              8000     8000        4        0       5
                text21                              7BD      7BD       11        8       0
                text20                              1FF      1FF      1D3        8       0
                text19                              658      658       5F        8       0
                text18                              6B7      6B7       54        8       0
                text17                              52A      52A       6F        8       0
                text16                              3D2      3D2       CE        8       0
                text15                                3        3        1        6       0
                text14                              7A7      7A7       16        8       0
                text12                              74E      74E       24        8       0
                text11                               2B       2B      1D4        8       0
                text10                              599      599       60        8       0
                text9                               5F9      5F9       5F        8       0
                text8                               4A0      4A0       8A        8       0
                text7                               FF4      FF4        6     1FE8       0
                text6                               FFA      FFA        6     1FF4       0
                text5                               7E7      7E7        C      FCE       0
                text4                               772      772       1C        8       0
                text3                               7F9      7F9        6      FCE       0
                text2                               78E      78E       19        8       0
                text1                               7CE      7CE        D        8       0
                maintext                            70B      70B       43        8       0
                cstackBANK0                          20       20       1F       20       1
                cstackCOMMON                         70       70        E       70       1
                cstackBANK1                          A0       A0        F       A0       1
                clrtext                             7F3      7F3        6      FCE       0
                dataBANK0                            5E       5E        1       20       1
                bssBANK0                             3F       3F       19       20       1
                nvBANK0                              58       58        6       20       1
                stringtext1                         7DB      7DB        C      FB6       0
                idataBANK0                          7FF      7FF        1      FCE       0

TOTAL           Name                               Link     Load   Length     Space
        CLASS   CODE           
                end_init                             19       19        2         0
                cinit                                1B       1B       10         0
                intentry                              4        4       15         0
                reset_vec                             0        0        2         0
                text21                              7BD      7BD       11         0
                text20                              1FF      1FF      1D3         0
                text19                              658      658       5F         0
                text18                              6B7      6B7       54         0
                text17                              52A      52A       6F         0
                text16                              3D2      3D2       CE         0
                text15                                3        3        1         0
                text14                              7A7      7A7       16         0
                text12                              74E      74E       24         0
                text11                               2B       2B      1D4         0
                text10                              599      599       60         0
                text9                               5F9      5F9       5F         0
                text8                               4A0      4A0       8A         0
                text7                               FF4      FF4        6         0
                text6                               FFA      FFA        6         0
                text5                               7E7      7E7        C         0
                text4                               772      772       1C         0
                text3                               7F9      7F9        6         0
                text2                               78E      78E       19         0
                text1                               7CE      7CE        D         0
                maintext                            70B      70B       43         0
                clrtext                             7F3      7F3        6         0
                idataBANK0                          7FF      7FF        1         0

        CLASS   STRCODE        
                stringtext1                         7DB      7DB        C         0

        CLASS   STRING         

        CLASS   CONST          

        CLASS   ENTRY          

        CLASS   COMMON         
                cstackCOMMON                         70       70        E         1

        CLASS   BANK0          
                cstackBANK0                          20       20       1F         1
                dataBANK0                            5E       5E        1         1
                bssBANK0                             3F       3F       19         1
                nvBANK0                              58       58        6         1

        CLASS   BANK1          
                cstackBANK1                          A0       A0        F         1

        CLASS   BANK2          

        CLASS   BANK3          

        CLASS   BANK4          

        CLASS   BANK5          

        CLASS   BANK6          

        CLASS   BIGRAM         

        CLASS   RAM            

        CLASS   ABS1           
                abs_s1                               7E       7E        2         1

        CLASS   SFR0           

        CLASS   SFR1           

        CLASS   SFR2           

        CLASS   SFR3           

        CLASS   SFR4           

        CLASS   SFR5           

        CLASS   SFR6           

        CLASS   SFR7           

        CLASS   SFR8           

        CLASS   SFR9           

        CLASS   SFR10          

        CLASS   SFR11          

        CLASS   SFR12          

        CLASS   SFR13          

        CLASS   SFR14          

        CLASS   SFR15          

        CLASS   SFR16          

        CLASS   SFR17          

        CLASS   SFR18          

        CLASS   SFR19          

        CLASS   SFR20          

        CLASS   SFR21          

        CLASS   SFR22          

        CLASS   SFR23          

        CLASS   SFR24          

        CLASS   SFR25          

        CLASS   SFR26          

        CLASS   SFR27          

        CLASS   SFR28          

        CLASS   SFR29          

        CLASS   SFR30          

        CLASS   SFR31          

        CLASS   CONFIG         
                config                             8007     8007        2         4

        CLASS   IDLOC          
                idloc                              8000     8000        4         5

        CLASS   BANK31         

        CLASS   BANK30         

        CLASS   BANK29         

        CLASS   BANK28         

        CLASS   BANK27         

        CLASS   BANK26         

        CLASS   BANK25         

        CLASS   BANK24         

        CLASS   BANK23         

        CLASS   BANK22         

        CLASS   BANK21         

        CLASS   BANK20         

        CLASS   BANK19         

        CLASS   BANK18         

        CLASS   BANK17         

        CLASS   BANK16         

        CLASS   BANK15         

        CLASS   BANK14         

        CLASS   BANK13         

        CLASS   BANK12         

        CLASS   BANK11         

        CLASS   BANK10         

        CLASS   BANK9          

        CLASS   BANK8          

        CLASS   BANK7          

        CLASS   HEAP           

        CLASS   STACK          

        CLASS   EEDATA         



SEGMENTS        Name                           Load    Length   Top    Selector   Space  Class     Delta

                reset_vec                      000000  000002  000002         0       0  CODE        2
                text15                         000003  000001  000004         6       0  CODE        2
                intentry                       000004  0007D7  0007DB         8       0  CODE        2
                cstackBANK0                    000020  00003F  00005F        20       1  BANK0       1
                cstackCOMMON                   000070  00000E  00007E        70       1  COMMON      1
                cstackBANK1                    0000A0  00000F  0000AF        A0       1  BANK1       1
                stringtext1                    0007DB  00000C  0007E7       FB6       0  STRCODE     2
                text5                          0007E7  000019  000800       FCE       0  CODE        2
                text7                          000FF4  000006  000FFA      1FE8       0  CODE        2
                text6                          000FFA  000006  001000      1FF4       0  CODE        2


UNUSED ADDRESS RANGES

        Name                Unused          Largest block    Delta
        BANK0            0005F-0006F              11           1
        BANK1            000AF-000EF              41           1
        BANK2            00120-0016F              50           1
        BANK3            001A0-001EF              50           1
        BANK4            00220-0026F              50           1
        BANK5            002A0-002EF              50           1
        BANK6            00320-0032F              10           1
        BIGRAM           02000-021EF             1F0           1
        CODE             00002-00002               1           2
                         00800-00FF3             7F4
                         01000-01FFF             800
        CONST            00002-00002               1           2
                         00800-00FF3             100
                         01000-01FFF             100
        ENTRY            00002-00002               1           2
                         00800-00FF3             100
                         01000-01FFF             100
        RAM              0005F-0006F              11           1
                         000AF-000EF              41
                         00120-0016F              50
                         001A0-001EF              50
                         00220-0026F              50
                         002A0-002EF              50
                         00320-0032F              10
        SFR0             00000-0001F              20           1
        SFR1             00080-0009F              20           1
        SFR10            00500-0056F              70           1
        SFR11            00580-005EF              70           1
        SFR12            00600-0066F              70           1
        SFR13            00680-006EF              70           1
        SFR14            00700-0076F              70           1
        SFR15            00780-007EF              70           1
        SFR16            00800-0086F              70           1
        SFR17            00880-008EF              70           1
        SFR18            00900-0096F              70           1
        SFR19            00980-009EF              70           1
        SFR2             00100-0011F              20           1
        SFR20            00A00-00A6F              70           1
        SFR21            00A80-00AEF              70           1
        SFR22            00B00-00B6F              70           1
        SFR23            00B80-00BEF              70           1
        SFR24            00C00-00C6F              70           1
        SFR25            00C80-00CEF              70           1
        SFR26            00D00-00D6F              70           1
        SFR27            00D80-00DEF              70           1
        SFR28            00E00-00E6F              70           1
        SFR29            00E80-00EEF              70           1
        SFR3             00180-0019F              20           1
        SFR30            00F00-00F6F              70           1
        SFR31            00F80-00FEF              70           1
        SFR4             00200-0021F              20           1
        SFR5             00280-0029F              20           1
        SFR6             00300-0031F              20           1
        SFR7             00380-003EF              70           1
        SFR8             00400-0046F              70           1
        SFR9             00480-004EF              70           1
        STRCODE          00002-00002               1           2
                         00800-00FF3             7F4
                         01000-01FFF            1000
        STRING           00002-00002               1           2
                         00800-00FF3             100
                         01000-01FFF             100

                                  Symbol Table

?___awdiv                                     cstackBANK0  00031
?___awmod                                     cstackBANK0  0003A
?i1___awdiv                                   cstackCOMMON 00070
?i1___awmod                                   cstackCOMMON 00079
ClearDigit@digit                              cstackBANK0  00031
Display@a                                     cstackBANK1  000A2
Display@hundreds                              cstackBANK1  000AB
Display@ones                                  cstackBANK1  000A7
Display@tens                                  cstackBANK1  000A9
INT_SetInterruptHandler@InterruptHandler      cstackBANK0  00031
SetSegments@a                                 cstackBANK0  00031
SetSegments@blank                             cstackBANK0  00033
SetSegments@digit                             cstackBANK0  00034
TMR1_OverflowCallbackRegister@CallbackHandler cstackBANK0  00031
TMR1_Write@timerVal                           cstackCOMMON 00070
_ANSELA                                       (abs)        0018C
_ANSELB                                       (abs)        0018D
_ANSELC                                       (abs)        0018E
_BORCON                                       (abs)        00116
_CLOCK_Initialize                             text7        00FF4
_ClearDigit                                   text12       0074E
_Display                                      text8        004A0
_INTCONbits                                   (abs)        0000B
_INTERRUPT_Initialize                         text5        007E7
_INTERRUPT_InterruptManager                   intentry     00004
_INT_DefaultInterruptHandler                  (abs)        00000
_INT_InterruptHandler                         nvBANK0      0005C
_INT_SetInterruptHandler                      text6        00FFA
_IOCAF                                        (abs)        00393
_IOCAN                                        (abs)        00392
_IOCAP                                        (abs)        00391
_IOCBF                                        (abs)        00396
_IOCBN                                        (abs)        00395
_IOCBP                                        (abs)        00394
_LATA                                         (abs)        0010C
_LATB                                         (abs)        0010D
_LATC                                         (abs)        0010E
_OPTION_REGbits                               (abs)        00095
_OSCCON                                       (abs)        00099
_PIE1bits                                     (abs)        00091
_PIN_MANAGER_Initialize                       text4        00772
_PIR1bits                                     (abs)        00011
_PORTAbits                                    (abs)        0000C
_PORTBbits                                    (abs)        0000D
_PORTCbits                                    (abs)        0000E
_RA0                                          (abs)        00060
_RA0Value                                     dataBANK0    0005E
_SYSTEM_Initialize                            text1        007CE
_SetSegments                                  text11       0002B
_T1CON                                        (abs)        00018
_T1CONbits                                    (abs)        00018
_T1GCON                                       (abs)        00019
_T1GCONbits                                   (abs)        00019
_TMR1H                                        (abs)        00017
_TMR1L                                        (abs)        00016
_TMR1_DefaultOverflowCallback                 text15       00003
_TMR1_Initialize                              text2        0078E
_TMR1_OverflowCallback                        nvBANK0      00058
_TMR1_OverflowCallbackRegister                text3        007F9
_TMR1_OverflowISR                             text14       007A7
_TMR1_PeriodCountSet                          (abs)        00000
_TMR1_Start                                   (abs)        00000
_TMR1_Stop                                    (abs)        00000
_TMR1_Write                                   text21       007BD
_TRISA                                        (abs)        0008C
_TRISB                                        (abs)        0008D
_TRISC                                        (abs)        0008E
_Tmr1CallBack                                 text16       003D2
_Tmr1CallBack$1085                            cstackBANK0  00030
_WPUA                                         (abs)        0020C
_WPUB                                         (abs)        0020D
__Habs1                                       abs1         00000
__Hbank0                                      bank0        00000
__Hbank1                                      bank1        00000
__Hbank10                                     bank10       00000
__Hbank11                                     bank11       00000
__Hbank12                                     bank12       00000
__Hbank13                                     bank13       00000
__Hbank14                                     bank14       00000
__Hbank15                                     bank15       00000
__Hbank16                                     bank16       00000
__Hbank17                                     bank17       00000
__Hbank18                                     bank18       00000
__Hbank19                                     bank19       00000
__Hbank2                                      bank2        00000
__Hbank20                                     bank20       00000
__Hbank21                                     bank21       00000
__Hbank22                                     bank22       00000
__Hbank23                                     bank23       00000
__Hbank24                                     bank24       00000
__Hbank25                                     bank25       00000
__Hbank26                                     bank26       00000
__Hbank27                                     bank27       00000
__Hbank28                                     bank28       00000
__Hbank29                                     bank29       00000
__Hbank3                                      bank3        00000
__Hbank30                                     bank30       00000
__Hbank31                                     bank31       00000
__Hbank4                                      bank4        00000
__Hbank5                                      bank5        00000
__Hbank6                                      bank6        00000
__Hbank7                                      bank7        00000
__Hbank8                                      bank8        00000
__Hbank9                                      bank9        00000
__Hbigram                                     bigram       00000
__HbssBANK0                                   bssBANK0     00000
__Hcinit                                      cinit        0002B
__Hclrtext                                    clrtext      00000
__Hcode                                       code         00000
__Hcommon                                     common       00000
__Hconfig                                     config       08009
__HcstackBANK0                                cstackBANK0  00000
__HcstackBANK1                                cstackBANK1  00000
__HcstackCOMMON                               cstackCOMMON 00000
__HdataBANK0                                  dataBANK0    00000
__Heeprom_data                                eeprom_data  00000
__Hend_init                                   end_init     0001B
__Hfunctab                                    functab      00000
__Hheap                                       heap         00000
__HidataBANK0                                 idataBANK0   00000
__Hidloc                                      idloc        08004
__Hinit                                       init         00019
__Hintentry                                   intentry     00019
__Hmaintext                                   maintext     00000
__HnvBANK0                                    nvBANK0      00000
__Hpowerup                                    powerup      00000
__Hram                                        ram          00000
__Hreset_vec                                  reset_vec    00002
__Hsfr0                                       sfr0         00000
__Hsfr1                                       sfr1         00000
__Hsfr10                                      sfr10        00000
__Hsfr11                                      sfr11        00000
__Hsfr12                                      sfr12        00000
__Hsfr13                                      sfr13        00000
__Hsfr14                                      sfr14        00000
__Hsfr15                                      sfr15        00000
__Hsfr16                                      sfr16        00000
__Hsfr17                                      sfr17        00000
__Hsfr18                                      sfr18        00000
__Hsfr19                                      sfr19        00000
__Hsfr2                                       sfr2         00000
__Hsfr20                                      sfr20        00000
__Hsfr21                                      sfr21        00000
__Hsfr22                                      sfr22        00000
__Hsfr23                                      sfr23        00000
__Hsfr24                                      sfr24        00000
__Hsfr25                                      sfr25        00000
__Hsfr26                                      sfr26        00000
__Hsfr27                                      sfr27        00000
__Hsfr28                                      sfr28        00000
__Hsfr29                                      sfr29        00000
__Hsfr3                                       sfr3         00000
__Hsfr30                                      sfr30        00000
__Hsfr31                                      sfr31        00000
__Hsfr4                                       sfr4         00000
__Hsfr5                                       sfr5         00000
__Hsfr6                                       sfr6         00000
__Hsfr7                                       sfr7         00000
__Hsfr8                                       sfr8         00000
__Hsfr9                                       sfr9         00000
__Hspace_0                                    (abs)        01000
__Hspace_1                                    (abs)        000AF
__Hspace_2                                    (abs)        00000
__Hspace_3                                    (abs)        00000
__Hspace_4                                    (abs)        10010
__Hstack                                      stack        00000
__Hstrings                                    strings      00000
__Hstringtext1                                stringtext1  00000
__Htext                                       text         00000
__Labs1                                       abs1         00000
__Lbank0                                      bank0        00000
__Lbank1                                      bank1        00000
__Lbank10                                     bank10       00000
__Lbank11                                     bank11       00000
__Lbank12                                     bank12       00000
__Lbank13                                     bank13       00000
__Lbank14                                     bank14       00000
__Lbank15                                     bank15       00000
__Lbank16                                     bank16       00000
__Lbank17                                     bank17       00000
__Lbank18                                     bank18       00000
__Lbank19                                     bank19       00000
__Lbank2                                      bank2        00000
__Lbank20                                     bank20       00000
__Lbank21                                     bank21       00000
__Lbank22                                     bank22       00000
__Lbank23                                     bank23       00000
__Lbank24                                     bank24       00000
__Lbank25                                     bank25       00000
__Lbank26                                     bank26       00000
__Lbank27                                     bank27       00000
__Lbank28                                     bank28       00000
__Lbank29                                     bank29       00000
__Lbank3                                      bank3        00000
__Lbank30                                     bank30       00000
__Lbank31                                     bank31       00000
__Lbank4                                      bank4        00000
__Lbank5                                      bank5        00000
__Lbank6                                      bank6        00000
__Lbank7                                      bank7        00000
__Lbank8                                      bank8        00000
__Lbank9                                      bank9        00000
__Lbigram                                     bigram       00000
__LbssBANK0                                   bssBANK0     00000
__Lcinit                                      cinit        0001B
__Lclrtext                                    clrtext      00000
__Lcode                                       code         00000
__Lcommon                                     common       00000
__Lconfig                                     config       00000
__LcstackBANK0                                cstackBANK0  00000
__LcstackBANK1                                cstackBANK1  00000
__LcstackCOMMON                               cstackCOMMON 00000
__LdataBANK0                                  dataBANK0    00000
__Leeprom_data                                eeprom_data  00000
__Lend_init                                   end_init     00019
__Lfunctab                                    functab      00000
__Lheap                                       heap         00000
__LidataBANK0                                 idataBANK0   00000
__Lidloc                                      idloc        00000
__Linit                                       init         00019
__Lintentry                                   intentry     00004
__Lmaintext                                   maintext     00000
__LnvBANK0                                    nvBANK0      00000
__Lpowerup                                    powerup      00000
__Lram                                        ram          00000
__Lreset_vec                                  reset_vec    00000
__Lsfr0                                       sfr0         00000
__Lsfr1                                       sfr1         00000
__Lsfr10                                      sfr10        00000
__Lsfr11                                      sfr11        00000
__Lsfr12                                      sfr12        00000
__Lsfr13                                      sfr13        00000
__Lsfr14                                      sfr14        00000
__Lsfr15                                      sfr15        00000
__Lsfr16                                      sfr16        00000
__Lsfr17                                      sfr17        00000
__Lsfr18                                      sfr18        00000
__Lsfr19                                      sfr19        00000
__Lsfr2                                       sfr2         00000
__Lsfr20                                      sfr20        00000
__Lsfr21                                      sfr21        00000
__Lsfr22                                      sfr22        00000
__Lsfr23                                      sfr23        00000
__Lsfr24                                      sfr24        00000
__Lsfr25                                      sfr25        00000
__Lsfr26                                      sfr26        00000
__Lsfr27                                      sfr27        00000
__Lsfr28                                      sfr28        00000
__Lsfr29                                      sfr29        00000
__Lsfr3                                       sfr3         00000
__Lsfr30                                      sfr30        00000
__Lsfr31                                      sfr31        00000
__Lsfr4                                       sfr4         00000
__Lsfr5                                       sfr5         00000
__Lsfr6                                       sfr6         00000
__Lsfr7                                       sfr7         00000
__Lsfr8                                       sfr8         00000
__Lsfr9                                       sfr9         00000
__Lspace_0                                    (abs)        00000
__Lspace_1                                    (abs)        00000
__Lspace_2                                    (abs)        00000
__Lspace_3                                    (abs)        00000
__Lspace_4                                    (abs)        00000
__Lstack                                      stack        00000
__Lstrings                                    strings      00000
__Lstringtext1                                stringtext1  00000
__Ltext                                       text         00000
__S0                                          (abs)        01000
__S1                                          (abs)        000AF
___awdiv                                      text10       00599
___awdiv@counter                              cstackBANK0  00036
___awdiv@dividend                             cstackBANK0  00033
___awdiv@divisor                              cstackBANK0  00031
___awdiv@quotient                             cstackBANK0  00038
___awdiv@sign                                 cstackBANK0  00037
___awmod                                      text9        005F9
___awmod@counter                              cstackBANK1  000A0
___awmod@dividend                             cstackBANK0  0003C
___awmod@divisor                              cstackBANK0  0003A
___awmod@sign                                 cstackBANK1  000A1
___heap_hi                                    (abs)        00000
___heap_lo                                    (abs)        00000
___int_sp                                     stack        00000
___latbits                                    (abs)        00002
___sp                                         stack        00000
___stackhi                                    (abs)        00000
___stacklo                                    (abs)        00000
__end_of_CLOCK_Initialize                     text7        00FFA
__end_of_ClearDigit                           text12       00772
__end_of_Display                              text8        0052A
__end_of_INTERRUPT_Initialize                 text5        007F3
__end_of_INTERRUPT_InterruptManager           intentry     00019
__end_of_INT_SetInterruptHandler              text6        01000
__end_of_PIN_MANAGER_Initialize               text4        0078E
__end_of_SYSTEM_Initialize                    text1        007DB
__end_of_SetSegments                          text11       001FF
__end_of_TMR1_DefaultOverflowCallback         text15       00004
__end_of_TMR1_Initialize                      text2        007A7
__end_of_TMR1_OverflowCallbackRegister        text3        007FF
__end_of_TMR1_OverflowISR                     text14       007BD
__end_of_TMR1_Write                           text21       007CE
__end_of_Tmr1CallBack                         text16       004A0
__end_of___awdiv                              text10       005F9
__end_of___awmod                              text9        00658
__end_of__initialization                      cinit        00027
__end_of_main                                 maintext     0074E
__end_of_tmr1                                 stringtext1  007E7
__end_ofi1_Display                            text17       00599
__end_ofi1_SetSegments                        text20       003D2
__end_ofi1___awdiv                            text19       006B7
__end_ofi1___awmod                            text18       0070B
__initialization                              cinit        0001B
__pbssBANK0                                   bssBANK0     0003F
__pcstackBANK0                                cstackBANK0  00020
__pcstackBANK1                                cstackBANK1  000A0
__pcstackCOMMON                               cstackCOMMON 00070
__pdataBANK0                                  dataBANK0    0005E
__pidataBANK0                                 idataBANK0   007FF
__pintentry                                   intentry     00004
__pmaintext                                   maintext     0070B
__pnvBANK0                                    nvBANK0      00058
__pstringtext1                                stringtext1  007DB
__ptext1                                      text1        007CE
__ptext10                                     text10       00599
__ptext11                                     text11       0002B
__ptext12                                     text12       0074E
__ptext14                                     text14       007A7
__ptext15                                     text15       00003
__ptext16                                     text16       003D2
__ptext17                                     text17       0052A
__ptext18                                     text18       006B7
__ptext19                                     text19       00658
__ptext2                                      text2        0078E
__ptext20                                     text20       001FF
__ptext21                                     text21       007BD
__ptext3                                      text3        007F9
__ptext4                                      text4        00772
__ptext5                                      text5        007E7
__ptext6                                      text6        00FFA
__ptext7                                      text7        00FF4
__ptext8                                      text8        004A0
__ptext9                                      text9        005F9
_counter                                      bssBANK0     00041
_hundred                                      bssBANK0     00043
_main                                         maintext     0070B
_one                                          bssBANK0     00051
_ten                                          bssBANK0     0004A
_timer1ReloadVal                              nvBANK0      0005A
_toggle                                       bssBANK0     00042
btemp                                         (abs)        0007E
clear_ram0                                    clrtext      007F3
end_of_initialization                         cinit        00027
i1Display@a                                   cstackBANK0  00022
i1Display@hundreds                            cstackBANK0  0002B
i1Display@ones                                cstackBANK0  00027
i1Display@tens                                cstackBANK0  00029
i1SetSegments@a                               cstackCOMMON 00070
i1SetSegments@blank                           cstackCOMMON 00072
i1SetSegments@digit                           cstackCOMMON 00073
i1_Display                                    text17       0052A
i1_SetSegments                                text20       001FF
i1___awdiv                                    text19       00658
i1___awdiv@counter                            cstackCOMMON 00075
i1___awdiv@dividend                           cstackCOMMON 00072
i1___awdiv@divisor                            cstackCOMMON 00070
i1___awdiv@quotient                           cstackCOMMON 00077
i1___awdiv@sign                               cstackCOMMON 00076
i1___awmod                                    text18       006B7
i1___awmod@counter                            cstackBANK0  00020
i1___awmod@dividend                           cstackCOMMON 0007B
i1___awmod@divisor                            cstackCOMMON 00079
i1___awmod@sign                               cstackBANK0  00021
int$flags                                     (abs)        0007E
intlevel0                                     functab      00000
intlevel1                                     functab      00000
intlevel2                                     functab      00000
intlevel3                                     functab      00000
intlevel4                                     functab      00000
intlevel5                                     functab      00000
reset_vec                                     reset_vec    00000
start                                         init         00019
start_initialization                          cinit        0001B
wtemp0                                        (abs)        0007E


MODULE INFORMATION

Module		Function		Class		Link	Load	Size
C:\Program Files\Microchip\xc8\v2.40\pic\sources\c99\common\awdiv.c
		___awdiv       		CODE           	0599	0000	96

C:\Program Files\Microchip\xc8\v2.40\pic\sources\c99\common\awdiv.c estimated size: 96

mcc_generated_files/timer/src/tmr1.c
		_TMR1_Initialize		CODE           	078E	0000	25
		_TMR1_Write    		CODE           	07BD	0000	17
		_TMR1_OverflowCallbackRegister		CODE           	07F9	0000	6
		_TMR1_DefaultOverflowCallback		CODE           	0003	0000	1
		_TMR1_OverflowISR		CODE           	07A7	0000	22

mcc_generated_files/timer/src/tmr1.c estimated size: 71

mcc_generated_files/system/src/interrupt.c
		_INT_SetInterruptHandler		CODE           	0FFA	0000	6
		_INTERRUPT_Initialize		CODE           	07E7	0000	12
		_INTERRUPT_InterruptManager		CODE           	0004	0000	21

mcc_generated_files/system/src/interrupt.c estimated size: 39

mcc_generated_files/system/src/pins.c
		_PIN_MANAGER_Initialize		CODE           	0772	0000	28

mcc_generated_files/system/src/pins.c estimated size: 28

shared
		i1_SetSegments 		CODE           	01FF	0000	467
		i1_Display     		CODE           	052A	0000	111
		i1___awdiv     		CODE           	0658	0000	95
		__initialization		CODE           	001B	0000	12
		i1___awmod     		CODE           	06B7	0000	84
		_tmr1          		STRCODE        	0000	0000	0

shared estimated size: 769

C:\Program Files\Microchip\xc8\v2.40\pic\sources\c99\common\awmod.c
		___awmod       		CODE           	05F9	0000	95

C:\Program Files\Microchip\xc8\v2.40\pic\sources\c99\common\awmod.c estimated size: 95

mcc_generated_files/system/src/clock.c
		_CLOCK_Initialize		CODE           	0FF4	0000	6

mcc_generated_files/system/src/clock.c estimated size: 6

main.c
		_ClearDigit    		CODE           	074E	0000	36
		_SetSegments   		CODE           	002B	0000	468
		_main          		CODE           	070B	0000	67
		_Tmr1CallBack  		CODE           	03D2	0000	206
		_Display       		CODE           	04A0	0000	138

main.c estimated size: 915

mcc_generated_files/system/src/system.c
		_SYSTEM_Initialize		CODE           	07CE	0000	13

mcc_generated_files/system/src/system.c estimated size: 13

